---
source: src/lexer.rs
expression: tokens
---
[
    Token {
        kind: Int,
        start: 0,
        end: 2,
    },
]
