---
source: src/parser.rs
expression: ast
---
BinaryOpNode {
    op: Token {
        kind: Plus,
        start: 8,
        end: 8,
    },
    left: BinaryOpNode {
        op: Token {
            kind: Plus,
            start: 3,
            end: 3,
        },
        left: Identifier {
            name: "a",
        },
        right: Identifier {
            name: "b",
        },
    },
    right: Identifier {
        name: "c",
    },
}
