---
source: src/lexer.rs
expression: tokens
---
[
    Token {
        kind: Identifier,
        start: 0,
        end: 0,
    },
    Token {
        kind: Underscore,
        start: 1,
        end: 1,
    },
    Token {
        kind: Identifier,
        start: 2,
        end: 3,
    },
]
