---
source: src/parser.rs
expression: ast
---
UnaryOpNode {
    op: Token {
        kind: Hat,
        start: 0,
        end: 3,
    },
    operand: Identifier {
        name: "a",
    },
}
