---
source: src/parser.rs
expression: ast
---
ASTNode {
    start: 0,
    end: 6,
    kind: BinaryOpNode {
        op: Plus,
        left: ASTNode {
            start: 0,
            end: 1,
            kind: BinaryOpNode {
                op: Multiply,
                left: ASTNode {
                    start: 0,
                    end: 0,
                    kind: Int {
                        value: 2,
                    },
                },
                right: ASTNode {
                    start: 1,
                    end: 1,
                    kind: Identifier {
                        name: "a",
                    },
                },
            },
        },
        right: ASTNode {
            start: 5,
            end: 6,
            kind: BinaryOpNode {
                op: Multiply,
                left: ASTNode {
                    start: 5,
                    end: 5,
                    kind: Identifier {
                        name: "a",
                    },
                },
                right: ASTNode {
                    start: 6,
                    end: 6,
                    kind: Int {
                        value: 2,
                    },
                },
            },
        },
    },
}
